
2025-08-07 12:02:22,397 | ERROR | main | [DEBUG] [checklist_callback:_update] Thread: Thread-1 (run_analysis_job), job_id=2ec980a2-d3c1-4782-8d80-8a282449103a
--------------------------------------------------------------------------------

2025-08-07 12:02:22,409 | ERROR | main | [DEBUG] checklist_callback: job_id=2ec980a2-d3c1-4782-8d80-8a282449103a, checklist=[{'name': 'file_uploaded', 'status': 'done'}, {'name': 'text_extracted', 'status': 'pending'}, {'name': 'sections_extracted', 'status': 'pending'}, {'name': 'company_extraction', 'status': 'pending'}, {'name': 'auditor_extraction', 'status': 'pending'}, {'name': 'control_extraction', 'status': 'pending'}, {'name': 'cuec_extraction', 'status': 'pending'}, {'name': 'subservice_orgs_extraction', 'status': 'pending'}, {'name': 'product_extraction', 'status': 'pending'}, {'name': 'report_date_extraction', 'status': 'pending'}, {'name': 'coverage_period_extraction', 'status': 'pending'}]
--------------------------------------------------------------------------------

2025-08-07 12:02:22,410 | ERROR | main | [DEBUG] [checklist_callback:_update] Thread: Thread-1 (run_analysis_job), job_id=2ec980a2-d3c1-4782-8d80-8a282449103a
--------------------------------------------------------------------------------

2025-08-07 12:02:22,420 | ERROR | main | [DEBUG] checklist_callback: job_id=2ec980a2-d3c1-4782-8d80-8a282449103a, checklist=[{'name': 'file_uploaded', 'status': 'done'}, {'name': 'text_extracted', 'status': 'done'}, {'name': 'sections_extracted', 'status': 'pending'}, {'name': 'company_extraction', 'status': 'pending'}, {'name': 'auditor_extraction', 'status': 'pending'}, {'name': 'control_extraction', 'status': 'pending'}, {'name': 'cuec_extraction', 'status': 'pending'}, {'name': 'subservice_orgs_extraction', 'status': 'pending'}, {'name': 'product_extraction', 'status': 'pending'}, {'name': 'report_date_extraction', 'status': 'pending'}, {'name': 'coverage_period_extraction', 'status': 'pending'}]
--------------------------------------------------------------------------------

2025-08-07 12:02:22,421 | ERROR | main | [DEBUG] [checklist_callback:_update] Thread: Thread-1 (run_analysis_job), job_id=2ec980a2-d3c1-4782-8d80-8a282449103a
--------------------------------------------------------------------------------

2025-08-07 12:02:22,431 | ERROR | main | [DEBUG] checklist_callback: job_id=2ec980a2-d3c1-4782-8d80-8a282449103a, checklist=[{'name': 'file_uploaded', 'status': 'done'}, {'name': 'text_extracted', 'status': 'done'}, {'name': 'sections_extracted', 'status': 'done'}, {'name': 'company_extraction', 'status': 'pending'}, {'name': 'auditor_extraction', 'status': 'pending'}, {'name': 'control_extraction', 'status': 'pending'}, {'name': 'cuec_extraction', 'status': 'pending'}, {'name': 'subservice_orgs_extraction', 'status': 'pending'}, {'name': 'product_extraction', 'status': 'pending'}, {'name': 'report_date_extraction', 'status': 'pending'}, {'name': 'coverage_period_extraction', 'status': 'pending'}]
--------------------------------------------------------------------------------

2025-08-07 12:02:24,221 | ERROR | main | [DEBUG] [checklist_callback:_update] Thread: Thread-1 (run_analysis_job), job_id=2ec980a2-d3c1-4782-8d80-8a282449103a
--------------------------------------------------------------------------------

2025-08-07 12:02:24,234 | ERROR | main | [DEBUG] checklist_callback: job_id=2ec980a2-d3c1-4782-8d80-8a282449103a, checklist=[{'name': 'file_uploaded', 'status': 'done'}, {'name': 'text_extracted', 'status': 'done'}, {'name': 'sections_extracted', 'status': 'done'}, {'name': 'company_extraction', 'status': 'done'}, {'name': 'auditor_extraction', 'status': 'pending'}, {'name': 'control_extraction', 'status': 'pending'}, {'name': 'cuec_extraction', 'status': 'pending'}, {'name': 'subservice_orgs_extraction', 'status': 'pending'}, {'name': 'product_extraction', 'status': 'pending'}, {'name': 'report_date_extraction', 'status': 'pending'}, {'name': 'coverage_period_extraction', 'status': 'pending'}]
--------------------------------------------------------------------------------

2025-08-07 12:02:27,510 | ERROR | main | [DEBUG] [checklist_callback:_update] Thread: Thread-1 (run_analysis_job), job_id=2ec980a2-d3c1-4782-8d80-8a282449103a
--------------------------------------------------------------------------------

2025-08-07 12:02:27,526 | ERROR | main | [DEBUG] checklist_callback: job_id=2ec980a2-d3c1-4782-8d80-8a282449103a, checklist=[{'name': 'file_uploaded', 'status': 'done'}, {'name': 'text_extracted', 'status': 'done'}, {'name': 'sections_extracted', 'status': 'done'}, {'name': 'company_extraction', 'status': 'done'}, {'name': 'auditor_extraction', 'status': 'done'}, {'name': 'control_extraction', 'status': 'pending'}, {'name': 'cuec_extraction', 'status': 'pending'}, {'name': 'subservice_orgs_extraction', 'status': 'pending'}, {'name': 'product_extraction', 'status': 'pending'}, {'name': 'report_date_extraction', 'status': 'pending'}, {'name': 'coverage_period_extraction', 'status': 'pending'}]
--------------------------------------------------------------------------------

2025-08-07 12:02:29,144 | ERROR | main | [DEBUG] [checklist_callback:_update] Thread: ThreadPoolExecutor-0_4, job_id=2ec980a2-d3c1-4782-8d80-8a282449103a
--------------------------------------------------------------------------------

2025-08-07 12:02:29,159 | ERROR | main | [DEBUG] checklist_callback: job_id=2ec980a2-d3c1-4782-8d80-8a282449103a, checklist=[{'name': 'file_uploaded', 'status': 'done'}, {'name': 'text_extracted', 'status': 'done'}, {'name': 'sections_extracted', 'status': 'done'}, {'name': 'company_extraction', 'status': 'done'}, {'name': 'auditor_extraction', 'status': 'done'}, {'name': 'control_extraction', 'status': 'pending'}, {'name': 'cuec_extraction', 'status': 'pending'}, {'name': 'subservice_orgs_extraction', 'status': 'pending'}, {'name': 'product_extraction', 'status': 'pending'}, {'name': 'report_date_extraction', 'status': 'done'}, {'name': 'coverage_period_extraction', 'status': 'pending'}]
--------------------------------------------------------------------------------

2025-08-07 12:02:29,761 | ERROR | main | [DEBUG] [checklist_callback:_update] Thread: ThreadPoolExecutor-0_5, job_id=2ec980a2-d3c1-4782-8d80-8a282449103a
--------------------------------------------------------------------------------

2025-08-07 12:02:29,778 | ERROR | main | [DEBUG] checklist_callback: job_id=2ec980a2-d3c1-4782-8d80-8a282449103a, checklist=[{'name': 'file_uploaded', 'status': 'done'}, {'name': 'text_extracted', 'status': 'done'}, {'name': 'sections_extracted', 'status': 'done'}, {'name': 'company_extraction', 'status': 'done'}, {'name': 'auditor_extraction', 'status': 'done'}, {'name': 'control_extraction', 'status': 'pending'}, {'name': 'cuec_extraction', 'status': 'pending'}, {'name': 'subservice_orgs_extraction', 'status': 'pending'}, {'name': 'product_extraction', 'status': 'pending'}, {'name': 'report_date_extraction', 'status': 'done'}, {'name': 'coverage_period_extraction', 'status': 'done'}]
--------------------------------------------------------------------------------

2025-08-07 12:02:33,851 | ERROR | main | [DEBUG] [checklist_callback:_update] Thread: ThreadPoolExecutor-0_3, job_id=2ec980a2-d3c1-4782-8d80-8a282449103a
--------------------------------------------------------------------------------

2025-08-07 12:02:33,860 | ERROR | main | [DEBUG] checklist_callback: job_id=2ec980a2-d3c1-4782-8d80-8a282449103a, checklist=[{'name': 'file_uploaded', 'status': 'done'}, {'name': 'text_extracted', 'status': 'done'}, {'name': 'sections_extracted', 'status': 'done'}, {'name': 'company_extraction', 'status': 'done'}, {'name': 'auditor_extraction', 'status': 'done'}, {'name': 'control_extraction', 'status': 'pending'}, {'name': 'cuec_extraction', 'status': 'pending'}, {'name': 'subservice_orgs_extraction', 'status': 'pending'}, {'name': 'product_extraction', 'status': 'done'}, {'name': 'report_date_extraction', 'status': 'done'}, {'name': 'coverage_period_extraction', 'status': 'done'}]
--------------------------------------------------------------------------------

2025-08-07 12:04:29,301 | ERROR | main | [DEBUG] [checklist_callback:_update] Thread: ThreadPoolExecutor-0_1, job_id=2ec980a2-d3c1-4782-8d80-8a282449103a
--------------------------------------------------------------------------------

2025-08-07 12:04:29,315 | ERROR | main | [DEBUG] checklist_callback: job_id=2ec980a2-d3c1-4782-8d80-8a282449103a, checklist=[{'name': 'file_uploaded', 'status': 'done'}, {'name': 'text_extracted', 'status': 'done'}, {'name': 'sections_extracted', 'status': 'done'}, {'name': 'company_extraction', 'status': 'done'}, {'name': 'auditor_extraction', 'status': 'done'}, {'name': 'control_extraction', 'status': 'pending'}, {'name': 'cuec_extraction', 'status': 'done'}, {'name': 'subservice_orgs_extraction', 'status': 'pending'}, {'name': 'product_extraction', 'status': 'done'}, {'name': 'report_date_extraction', 'status': 'done'}, {'name': 'coverage_period_extraction', 'status': 'done'}]
--------------------------------------------------------------------------------

2025-08-07 12:07:51,861 | ERROR | main | [DEBUG] [checklist_callback:_update] Thread: ThreadPoolExecutor-0_0, job_id=2ec980a2-d3c1-4782-8d80-8a282449103a
--------------------------------------------------------------------------------

2025-08-07 12:07:51,883 | ERROR | main | [DEBUG] checklist_callback: job_id=2ec980a2-d3c1-4782-8d80-8a282449103a, checklist=[{'name': 'file_uploaded', 'status': 'done'}, {'name': 'text_extracted', 'status': 'done'}, {'name': 'sections_extracted', 'status': 'done'}, {'name': 'company_extraction', 'status': 'done'}, {'name': 'auditor_extraction', 'status': 'done'}, {'name': 'control_extraction', 'status': 'done'}, {'name': 'cuec_extraction', 'status': 'done'}, {'name': 'subservice_orgs_extraction', 'status': 'pending'}, {'name': 'product_extraction', 'status': 'done'}, {'name': 'report_date_extraction', 'status': 'done'}, {'name': 'coverage_period_extraction', 'status': 'done'}]
--------------------------------------------------------------------------------

2025-08-07 12:10:34,415 | ERROR | main | [DEBUG] [checklist_callback:_update] Thread: ThreadPoolExecutor-0_2, job_id=2ec980a2-d3c1-4782-8d80-8a282449103a
--------------------------------------------------------------------------------

2025-08-07 12:10:34,426 | ERROR | main | [DEBUG] checklist_callback: job_id=2ec980a2-d3c1-4782-8d80-8a282449103a, checklist=[{'name': 'file_uploaded', 'status': 'done'}, {'name': 'text_extracted', 'status': 'done'}, {'name': 'sections_extracted', 'status': 'done'}, {'name': 'company_extraction', 'status': 'done'}, {'name': 'auditor_extraction', 'status': 'done'}, {'name': 'control_extraction', 'status': 'done'}, {'name': 'cuec_extraction', 'status': 'done'}, {'name': 'subservice_orgs_extraction', 'status': 'done'}, {'name': 'product_extraction', 'status': 'done'}, {'name': 'report_date_extraction', 'status': 'done'}, {'name': 'coverage_period_extraction', 'status': 'done'}]
--------------------------------------------------------------------------------

[STANDARDIZED RESULT VALIDATION]
controls: list, len=39
cuecs: list, len=72
subservice_orgs: list, len=5
product: type=<class 'str'>
auditor: type=<class 'str'>
company: type=<class 'str'>
report_date: type=<class 'str'>
coverage_period: dict, keys=['type', 'start_date', 'end_date', 'explanation', 'raw_gpt_response']
Full standardized results keys: ['controls', 'cuecs', 'subservice_orgs', 'product', 'auditor', 'company', 'report_date', 'coverage_period', 'sections']

2025-08-07 12:10:35,065 | ERROR | main | [SUCCESS] Database insertion completed: {'company': 1, 'control': 39, 'cuec': 72, 'product': 1, 'subservice_org': 5, 'errors': []}
--------------------------------------------------------------------------------

2025-08-07 12:10:35,067 | ERROR | main | [DEBUG] [result_update] No running event loop, creating new one.
--------------------------------------------------------------------------------

2025-08-07 12:10:35,070 | ERROR | main | [DEBUG] [result_update] Before run_until_complete, loop: 2002430188496
--------------------------------------------------------------------------------

2025-08-07 12:10:35,071 | ERROR | main | [DEBUG] [result_update:_update] Thread: Thread-1 (run_analysis_job), job_id=2ec980a2-d3c1-4782-8d80-8a282449103a, redis_client=2002430699472
--------------------------------------------------------------------------------

2025-08-07 12:10:35,096 | ERROR | main | [DEBUG] [result_update] After run_until_complete, loop: 2002430188496
--------------------------------------------------------------------------------

2025-08-07 12:10:35,098 | ERROR | main | [DEBUG] [result_update] Closed event loop: 2002430188496
--------------------------------------------------------------------------------

2025-08-07 12:10:36,542 | INFO | base | BEGIN (implicit)
--------------------------------------------------------------------------------

2025-08-07 12:10:36,544 | INFO | base | SELECT scan.id, scan.company_id, scan.product, scan.scan_date, scan.report_date, scan.coverage_start, scan.coverage_end, scan.pdf_file, scan.pdf_filename, scan.extracted_text, scan.result_json, scan.gpt_cost, scan.gpt_model, scan.estimated_time_seconds, scan.auditor, scan.gpt_usage_details, scan.executive_summary, scan.executive_summary_stale 
FROM scan ORDER BY scan.scan_date DESC 
 LIMIT $1::INTEGER
--------------------------------------------------------------------------------

2025-08-07 12:10:36,545 | INFO | base | [cached since 549.7s ago] (20,)
--------------------------------------------------------------------------------

2025-08-07 12:10:37,574 | INFO | base | ROLLBACK
--------------------------------------------------------------------------------

2025-08-07 12:13:46,853 | INFO | base | BEGIN (implicit)
--------------------------------------------------------------------------------

2025-08-07 12:13:46,857 | INFO | base | SELECT scan.id, scan.company_id, scan.product, scan.scan_date, scan.report_date, scan.coverage_start, scan.coverage_end, scan.pdf_file, scan.pdf_filename, scan.extracted_text, scan.result_json, scan.gpt_cost, scan.gpt_model, scan.estimated_time_seconds, scan.auditor, scan.gpt_usage_details, scan.executive_summary, scan.executive_summary_stale 
FROM scan 
WHERE scan.id = $1::INTEGER
--------------------------------------------------------------------------------

2025-08-07 12:13:46,858 | INFO | base | [generated in 0.00131s] (20,)
--------------------------------------------------------------------------------

2025-08-07 12:13:46,865 | INFO | base | BEGIN (implicit)
--------------------------------------------------------------------------------

2025-08-07 12:13:46,866 | INFO | base | SELECT scan.id, scan.company_id, scan.product, scan.scan_date, scan.report_date, scan.coverage_start, scan.coverage_end, scan.pdf_file, scan.pdf_filename, scan.extracted_text, scan.result_json, scan.gpt_cost, scan.gpt_model, scan.estimated_time_seconds, scan.auditor, scan.gpt_usage_details, scan.executive_summary, scan.executive_summary_stale 
FROM scan 
WHERE scan.id = $1::INTEGER
--------------------------------------------------------------------------------

2025-08-07 12:13:46,868 | INFO | base | [cached since 0.01069s ago] (20,)
--------------------------------------------------------------------------------

2025-08-07 12:13:46,903 | INFO | base | SELECT company.id, company.name, company.parent_company, company.confidence, company.scan_id 
FROM company 
WHERE company.scan_id = $1::INTEGER
--------------------------------------------------------------------------------

2025-08-07 12:13:46,904 | INFO | base | [generated in 0.00108s] (20,)
--------------------------------------------------------------------------------

2025-08-07 12:13:46,923 | INFO | base | SELECT control.id, control.control_id, control.control_desc, control.control_test, control.control_test_results, control.control_page_ref, control.control_line_ref, control.control_seq, control.control_tsc_id, control.control_coso_id, control.control_tsc_similarity, control.control_coso_similarity, control.control_tsc_confidence_pct, control.control_coso_confidence_pct, control.control_closest_framework, control.control_tsc_section, control.control_coso_section, control.control_soc_domain, control.control_status, control.merged_to_control_id, control.control_gpt_opinion, control.control_gpt_reasoning, control.control_confidence, control.confidence_calc, control.scan_id, control.annotation 
FROM control 
WHERE control.scan_id = $1::INTEGER
--------------------------------------------------------------------------------

2025-08-07 12:13:46,924 | INFO | base | [generated in 0.00143s] (20,)
--------------------------------------------------------------------------------

2025-08-07 12:13:46,929 | INFO | base | SELECT control.id, control.control_id, control.control_desc, control.control_test, control.control_test_results, control.control_page_ref, control.control_line_ref, control.control_seq, control.control_tsc_id, control.control_coso_id, control.control_tsc_similarity, control.control_coso_similarity, control.control_tsc_confidence_pct, control.control_coso_confidence_pct, control.control_closest_framework, control.control_tsc_section, control.control_coso_section, control.control_soc_domain, control.control_status, control.merged_to_control_id, control.control_gpt_opinion, control.control_gpt_reasoning, control.control_confidence, control.confidence_calc, control.scan_id, control.annotation 
FROM control 
WHERE control.scan_id = $1::INTEGER
--------------------------------------------------------------------------------

2025-08-07 12:13:46,930 | INFO | base | [cached since 0.007345s ago] (20,)
--------------------------------------------------------------------------------

2025-08-07 12:13:47,040 | INFO | base | SELECT cuec.id, cuec.cuec_seq, cuec.cuec_tsc_id, cuec.cuec_description, cuec.cuec_line_ref, cuec.cuec_confidence, cuec.cuec_gpt_opinion, cuec.cuec_distance_from_cuec_keywords, cuec.cuec_gpt_reasoning, cuec.cuec_framework_alignment, cuec.cuec_framework_alignment_id, cuec.cuec_justification, cuec.cuec_coso_id, cuec.cuec_tsc_similarity, cuec.cuec_coso_similarity, cuec.cuec_tsc_confidence_pct, cuec.cuec_coso_confidence_pct, cuec.cuec_closest_framework, cuec.cuec_confidence_justification, cuec.scan_id, cuec.annotation, cuec.control_strength 
FROM cuec 
WHERE cuec.scan_id = $1::INTEGER
--------------------------------------------------------------------------------

2025-08-07 12:13:47,041 | INFO | base | [generated in 0.00141s] (20,)
--------------------------------------------------------------------------------

2025-08-07 12:13:47,045 | INFO | base | SELECT cuec.id, cuec.cuec_seq, cuec.cuec_tsc_id, cuec.cuec_description, cuec.cuec_line_ref, cuec.cuec_confidence, cuec.cuec_gpt_opinion, cuec.cuec_distance_from_cuec_keywords, cuec.cuec_gpt_reasoning, cuec.cuec_framework_alignment, cuec.cuec_framework_alignment_id, cuec.cuec_justification, cuec.cuec_coso_id, cuec.cuec_tsc_similarity, cuec.cuec_coso_similarity, cuec.cuec_tsc_confidence_pct, cuec.cuec_coso_confidence_pct, cuec.cuec_closest_framework, cuec.cuec_confidence_justification, cuec.scan_id, cuec.annotation, cuec.control_strength 
FROM cuec 
WHERE cuec.scan_id = $1::INTEGER
--------------------------------------------------------------------------------

2025-08-07 12:13:47,046 | INFO | base | [cached since 0.006265s ago] (20,)
--------------------------------------------------------------------------------

2025-08-07 12:13:47,052 | INFO | base | BEGIN (implicit)
--------------------------------------------------------------------------------

2025-08-07 12:13:47,053 | INFO | base | SELECT scan.id, scan.company_id, scan.product, scan.scan_date, scan.report_date, scan.coverage_start, scan.coverage_end, scan.pdf_file, scan.pdf_filename, scan.extracted_text, scan.result_json, scan.gpt_cost, scan.gpt_model, scan.estimated_time_seconds, scan.auditor, scan.gpt_usage_details, scan.executive_summary, scan.executive_summary_stale 
FROM scan ORDER BY scan.scan_date DESC 
 LIMIT $1::INTEGER
--------------------------------------------------------------------------------

2025-08-07 12:13:47,054 | INFO | base | [cached since 740.2s ago] (20,)
--------------------------------------------------------------------------------

2025-08-07 12:13:47,067 | INFO | base | SELECT subservice_org.id, subservice_org.name, subservice_org.confidence, subservice_org.scan_id, subservice_org.third_party_description, subservice_org.third_party_page_ref, subservice_org.third_party_confidence, subservice_org.distance_from_so_keywords, subservice_org.likely_so, subservice_org.common_so, subservice_org.source_context, subservice_org.confidence_justification, subservice_org.third_party_controls, subservice_org.annotation 
FROM subservice_org 
WHERE subservice_org.scan_id = $1::INTEGER
--------------------------------------------------------------------------------

2025-08-07 12:13:47,068 | INFO | base | [generated in 0.00118s] (20,)
--------------------------------------------------------------------------------

2025-08-07 12:13:47,072 | INFO | base | SELECT subservice_org.id, subservice_org.name, subservice_org.confidence, subservice_org.scan_id, subservice_org.third_party_description, subservice_org.third_party_page_ref, subservice_org.third_party_confidence, subservice_org.distance_from_so_keywords, subservice_org.likely_so, subservice_org.common_so, subservice_org.source_context, subservice_org.confidence_justification, subservice_org.third_party_controls, subservice_org.annotation 
FROM subservice_org 
WHERE subservice_org.scan_id = $1::INTEGER
--------------------------------------------------------------------------------

2025-08-07 12:13:47,073 | INFO | base | [cached since 0.0061s ago] (20,)
--------------------------------------------------------------------------------

2025-08-07 12:13:47,084 | INFO | base | SELECT product.id, product.name, product.scan_id 
FROM product 
WHERE product.scan_id = $1::INTEGER
--------------------------------------------------------------------------------

2025-08-07 12:13:47,085 | INFO | base | [generated in 0.00136s] (20,)
--------------------------------------------------------------------------------

2025-08-07 12:13:47,089 | INFO | base | SELECT company.id, company.name, company.parent_company, company.confidence, company.scan_id 
FROM company 
WHERE company.scan_id = $1::INTEGER
--------------------------------------------------------------------------------

2025-08-07 12:13:47,090 | INFO | base | [cached since 0.1878s ago] (20,)
--------------------------------------------------------------------------------

2025-08-07 12:13:47,206 | INFO | base | SELECT product.id, product.name, product.scan_id 
FROM product 
WHERE product.scan_id = $1::INTEGER
--------------------------------------------------------------------------------

2025-08-07 12:13:47,207 | INFO | base | [cached since 0.1239s ago] (20,)
--------------------------------------------------------------------------------

2025-08-07 12:13:47,210 | INFO | base | ROLLBACK
--------------------------------------------------------------------------------

2025-08-07 12:13:54,378 | INFO | base | UPDATE scan SET executive_summary=$1::JSON WHERE scan.id = $2::INTEGER
--------------------------------------------------------------------------------

2025-08-07 12:13:54,380 | INFO | base | [generated in 0.00174s] ('{"about_company": "ServiceNow, Inc. is a leading provider of cloud-based solutions, offering the ServiceNow Application Platform as a Service (APaaS) ... (1390 characters truncated) ... y controls by implementing robust measures to protect personal information and ensure compliance with privacy regulations."], "deviations_noted": []}', 20)
--------------------------------------------------------------------------------

2025-08-07 12:13:54,425 | INFO | base | COMMIT
--------------------------------------------------------------------------------

2025-08-07 12:13:55,388 | INFO | base | ROLLBACK
--------------------------------------------------------------------------------
