================================================================================
EXECUTIVE SUMMARY GENERATION - 2025-08-07 12:13:47
Scan ID: 20
================================================================================
PROMPT:
You are a risk analyst for a company. Given the following SOC 2 report statistics and coverage tables, generate an executive summary as a valid JSON object. For the 'about_company' section, use the provided company and product names: company = 'ServiceNow, Inc.', product = 'ServiceNow Application Platform as a Service (APaaS)' and give a grade of A, B, C, or D. Always provide plausible, relevant content—never say 'not provided', 'not available', or similar. Do not repeat the input stats or tables in your output.

CRITICAL: Analyze the control test results below to identify meaningful deviations. Ignore standard passing language like 'No deviations noted', 'No exceptions noted', 'No gaps noted', etc. Only flag actual issues, exceptions, deficiencies, or problems. Extract the meaningful deviation details and include them in a 'deviations_noted' section.

IMPORTANT: Consider the CUEC control strength assessments below when forming key findings and recommendations. These represent our (the company's) responsibilities that have been evaluated for our implementation strength.  Include at least one CUEC in the key findings and recommendations.

Respond ONLY with a valid JSON object with these exact keys and types, and no extra text.
{
  "about_company": <string, a brief narrative about the company 'ServiceNow, Inc.', risk profile with grade A, B, C, or D, and product 'ServiceNow Application Platform as a Service (APaaS)' in scope>,
  "key_findings": [<string, one to two sentences per bullet>],
  "areas_of_concern": [<string, one to two sentences per bullet>],
  "recommendations": [<string, one to two sentences per bullet>],
  "deviations_noted": [{
    "control_id": <string>,
    "deviation_summary": <string, extract only the meaningful issue/exception text, excluding standard passing language>
  }]
}

SOC 2 Executive Summary Stats:
- Subservice orgs: 3
- CUECs: 27
- TSC coverage: 9 of 48
- COSO coverage: 3 of 17

TSC Table (by section):
Unspecified: CC1.1 - The entity demonstrates a commitment to integrity and ethical values. (✗)
Unspecified: CC2.1 - The board of directors demonstrates independence from management and exercises oversight of the development and performance of internal control. (✗)
Unspecified: CC3.1 - Management establishes, with board oversight, structures, reporting lines, and appropriate authorities and responsibilities in the pursuit of objectives. (✗)
Unspecified: CC4.1 - The entity demonstrates a commitment to attract, develop, and retain competent individuals in alignment with objectives. (✗)
Unspecified: CC5.1 - The entity holds individuals accountable for their internal control responsibilities in the pursuit of objectives. (✗)
Unspecified: CC6.1 - The entity specifies objectives with sufficient clarity to enable the identification and assessment of risks relating to objectives. (✗)
Unspecified: CC6.2 - The entity identifies risks to the achievement of its objectives across the entity and analyzes risks as a basis for determining how the risks should be managed. (✗)
Unspecified: CC6.3 - The entity considers the potential for fraud in assessing risks to the achievement of objectives. (✗)
Unspecified: CC6.4 - The entity identifies and assesses changes that could significantly impact the system of internal control. (✔)
Unspecified: CC7.1 - The entity selects and develops control activities that contribute to the mitigation of risks to the achievement of objectives to acceptable levels. (✗)
Unspecified: CC7.2 - The entity selects and develops general control activities over technology to support the achievement of objectives. (✗)
Unspecified: CC7.3 - The entity deploys control activities through policies that establish what is expected and procedures that put policies into action. (✗)
Unspecified: CC8.1 - The entity obtains or generates and uses relevant, quality information to support the functioning of internal control. (✔)
Unspecified: CC8.2 - The entity internally communicates information, including objectives and responsibilities for internal control, necessary to support the functioning of internal control. (✗)
Unspecified: CC8.3 - The entity communicates with external parties regarding matters affecting the functioning of internal control. (✗)
Unspecified: CC9.1 - The entity selects, develops, and performs ongoing and/or separate evaluations to ascertain whether the components of internal control are present and functioning. (✗)
Unspecified: CC9.2 - The entity evaluates and communicates internal control deficiencies in a timely manner to those parties responsible for taking corrective action, including senior management and the board of directors, as appropriate. (✗)
Unspecified: C1.1 - The entity identifies and manages the inventory of information assets. (✗)
Unspecified: C1.2 - The entity restricts logical access to information assets and protected information to authorized personnel. (✔)
Unspecified: C1.3 - The entity authorizes, designs, develops, or acquires, configures, documents, tests, approves, and implements system changes. (✔)
Unspecified: C1.4 - The entity restricts physical access to information assets and protected information to authorized personnel. (✗)
Unspecified: C1.5 - The entity implements controls to prevent, detect, and mitigate security events. (✔)
Unspecified: C1.6 - The entity implements controls to prevent, detect, and mitigate security incidents. (✔)
Unspecified: C1.7 - The entity implements controls to prevent, detect, and mitigate unauthorized disclosure of protected information. (✗)
Unspecified: C1.8 - The entity implements controls to prevent, detect, and mitigate unauthorized destruction of protected information. (✗)
Unspecified: C1.9 - The entity implements controls to prevent, detect, and mitigate unauthorized use of protected information. (✔)
Unspecified: A1.1 - The entity implements controls to protect the availability of information assets. (✗)
Unspecified: A1.2 - The entity implements controls to prevent, detect, and mitigate availability incidents. (✔)
Unspecified: P1.1 - The entity implements controls to protect the privacy of personal information. (✗)
Unspecified: P2.1 - The entity provides notice to data subjects about its privacy practices. (✗)
Unspecified: P3.1 - The entity provides data subjects with choices regarding the collection, use, and disclosure of personal information. (✗)
Unspecified: P3.2 - The entity obtains explicit consent from data subjects for the collection, use, and disclosure of personal information. (✗)
Unspecified: P4.1 - The entity collects and uses personal information for purposes identified in the entity's privacy notice. (✗)
Unspecified: P5.1 - The entity provides data subjects with access to their personal information for review and correction. (✗)
Unspecified: P6.1 - The entity discloses personal information to third parties only for purposes identified in the entity's privacy notice. (✗)
Unspecified: P7.1 - The entity implements controls to protect the quality and integrity of personal information. (✗)
Unspecified: P8.1 - The entity implements controls to protect the retention and disposal of personal information. (✗)
Unspecified: P9.1 - The entity implements controls to protect the transfer of personal information. (✗)
Unspecified: P10.1 - The entity implements controls to protect the monitoring and enforcement of privacy practices. (✗)
Unspecified: Conf1.1 - The entity identifies and maintains confidential information to meet the entity's objectives. (✗)
Unspecified: Conf1.2 - The entity disposes of confidential information to meet the entity's objectives. (✗)
Unspecified: Conf1.3 - The entity protects confidential information from unauthorized disclosure. (✗)
Unspecified: Conf1.4 - The entity protects confidential information from unauthorized use. (✔)
Unspecified: PI1.1 - The entity defines processing specifications to meet the entity's objectives. (✗)
Unspecified: PI1.2 - The entity implements controls to achieve processing objectives and detect and correct processing errors. (✗)
Unspecified: PI1.3 - The entity implements controls to protect processing from unauthorized modification. (✗)
Unspecified: PI1.4 - The entity implements controls to ensure system output is complete, accurate, and timely. (✗)
Unspecified: PI1.5 - The entity implements controls to protect the integrity of system processing. (✗)

COSO Table (by section):
Control Environment: 1 - The organization demonstrates a commitment to integrity and ethical values. (✗)
Control Environment: 2 - The board of directors demonstrates independence from management and exercises oversight of the development and performance of internal control. (✗)
Control Environment: 3 - Management establishes, with board oversight, structures, reporting lines, and appropriate authorities and responsibilities in the pursuit of objectives. (✗)
Control Environment: 4 - The organization demonstrates a commitment to attract, develop, and retain competent individuals in alignment with objectives. (✗)
Control Environment: 5 - The organization holds individuals accountable for their internal control responsibilities in the pursuit of objectives. (✗)
Risk Assessment: 6 - The organization specifies objectives with sufficient clarity to enable the identification and assessment of risks relating to objectives. (✗)
Risk Assessment: 7 - The organization identifies risks to the achievement of its objectives across the entity and analyzes risks as a basis for determining how the risks should be managed. (✗)
Risk Assessment: 8 - The organization considers the potential for fraud in assessing risks to the achievement of objectives. (✗)
Risk Assessment: 9 - The organization identifies and assesses changes that could significantly impact the system of internal control. (✔)
Control Activities: 10 - The organization selects and develops control activities that contribute to the mitigation of risks to the achievement of objectives to acceptable levels. (✗)
Control Activities: 11 - The organization selects and develops general control activities over technology to support the achievement of objectives. (✗)
Control Activities: 12 - The organization deploys control activities through policies that establish what is expected and procedures that put policies into action. (✔)
Information and Communication: 13 - The organization obtains or generates and uses relevant, quality information to support the functioning of internal control. (✔)
Information and Communication: 14 - The organization internally communicates information, including objectives and responsibilities for internal control, necessary to support the functioning of internal control. (✗)
Information and Communication: 15 - The organization communicates with external parties regarding matters affecting the functioning of internal control. (✗)
Monitoring Activities: 16 - The organization selects, develops, and performs ongoing and/or separate evaluations to ascertain whether the components of internal control are present and functioning. (✗)
Monitoring Activities: 17 - The organization evaluates and communicates internal control deficiencies in a timely manner to those parties responsible for taking corrective action, including senior management and the board of directors, as appropriate. (✗)

Control Test Results for Deviation Analysis:
Control 1.01: No exceptions noted.
Control 1.01, 1.02, 1.03, 1.04: No exceptions noted.
Control 1.01: No exceptions noted.
Control 1.02: No exceptions noted.
Control 1.03: No exceptions noted.
Control 1.04: No exceptions noted.
Control 2.01: No exceptions noted.
Control 2.02: No exceptions noted.
Control 2.03: No exceptions noted.
Control 2.04: No exceptions noted.
Control 3.01: No exceptions noted.
Control 3.01: No exceptions noted.
Control 3.02: No exceptions noted.
Control 3.03: No exceptions noted.
Control 3.04: No exceptions noted.
Control 3.05: No exceptions noted.
Control 3.06: No exceptions noted.
Control 3.07: No exceptions noted.
Control 3.09: No exceptions noted.
Control 3.10: No exceptions noted.
Control 3.10: No exceptions noted.
Control 3.10: No exceptions noted.
Control 3.11: No exceptions noted.
Control 4.01: No exceptions noted.
Control 4.01: No exceptions noted.
Control 4.02: No exceptions noted.
Control 4.02: No exceptions noted.
Control 4.03: No exceptions noted.
Control 4.04: No exceptions noted.
Control 4.05: No exceptions noted.
Control 4.06: No exceptions noted.
Control 4.06: No exceptions noted.
Control 5.01: No exceptions noted.
Control 5.01: No exceptions noted.
Control 5.01: No exceptions noted.
Control 5.02: No exceptions noted.
Control 5.03: No exceptions noted.
Control 5.04: No exceptions noted.
Control 5.07: No exceptions noted.

CUEC Control Strength Assessments (High-Confidence CUECs ≥90%):
No high-confidence CUECs with control strength assessments found.

--------------------------------------------------------------------------------
RESPONSE:
```json
{
  "about_company": "ServiceNow, Inc. is a leading provider of cloud-based solutions, offering the ServiceNow Application Platform as a Service (APaaS). The company is committed to delivering robust and secure services, although recent assessments indicate areas for improvement in internal controls and risk management. The overall risk profile is graded as C, reflecting significant opportunities for strengthening governance and control frameworks.",
  "key_findings": [
    "The assessment revealed deficiencies in the control environment, particularly in demonstrating a commitment to integrity and ethical values, and in board oversight of internal controls.",
    "Risk assessment processes are inadequate, with failures in specifying objectives clearly and identifying risks effectively.",
    "There is a lack of robust control activities, especially in developing and deploying controls to mitigate risks to acceptable levels."
  ],
  "areas_of_concern": [
    "The organization struggles with internal and external communication regarding internal control responsibilities and deficiencies.",
    "Privacy controls are notably weak, with insufficient measures to protect personal information and ensure compliance with privacy practices."
  ],
  "recommendations": [
    "Enhance the board's role in overseeing internal controls and ensure management establishes clear structures and responsibilities.",
    "Improve risk assessment processes by clearly defining objectives and implementing comprehensive risk identification and management strategies.",
    "Strengthen privacy controls by implementing robust measures to protect personal information and ensure compliance with privacy regulations."
  ],
  "deviations_noted": []
}
```
================================================================================
