Normalized TOC Headings:
  TOC: 'Section 1: Okta’s Management Assertion' => 'section1oktasmanagementassertion'
  TOC: 'Section 2: Independent Service Auditor’s Assurance Report' => 'section2independentserviceauditorsassurancereport'
  TOC: 'Section 3: Description of Okta’s Identity as a Service (“IDaaS”) System Relevant to Security, Availability, and Confidentiality' => 'section3descriptionofoktasidentityasaserviceidaassystemrelevanttosecurityavailabilityandconfidentiality'
  TOC: 'Section 4: Okta’s Controls, Trust Service Criteria, Service Auditor’s Test of Controls, and Test Results' => 'section4oktascontrolstrustservicecriteriaserviceauditorstestofcontrolsandtestresults'

Topic: Management_Assertion
  Priority Keywords (normalized):
    'assertion' => 'assertion'
    'management assertion' => 'managementassertion'
    'assertion of management' => 'assertionofmanagement'
    'assertion of [company] management' => 'assertionofcompanymanagement'

Topic: Service_Auditor_Report
  Priority Keywords (normalized):
    'auditor report' => 'auditorreport'
    'auditor's report' => 'auditorsreport'
    'independent auditor' => 'independentauditor'
    'service auditor' => 'serviceauditor'
    'independent service auditor' => 'independentserviceauditor'
    'assurance report' => 'assurancereport'

Topic: Description_of_System
  Priority Keywords (normalized):
    'description' => 'description'
    'system description' => 'systemdescription'
    'description of system' => 'descriptionofsystem'
    '[company] description of system' => 'companydescriptionofsystem'

Topic: Control_Descriptions
  Priority Keywords (normalized):

