2025-11-11 02:39:50,873 INFO sqlalchemy.engine.Engine select pg_catalog.version()
2025-11-11 02:39:50,875 INFO sqlalchemy.engine.Engine [raw sql] ()
2025-11-11 02:39:50,878 INFO sqlalchemy.engine.Engine select current_schema()
2025-11-11 02:39:50,879 INFO sqlalchemy.engine.Engine [raw sql] ()
2025-11-11 02:39:50,881 INFO sqlalchemy.engine.Engine show standard_conforming_strings
2025-11-11 02:39:50,882 INFO sqlalchemy.engine.Engine [raw sql] ()
2025-11-11 02:39:50,886 INFO sqlalchemy.engine.Engine BEGIN (implicit)
2025-11-11 02:39:50,895 INFO sqlalchemy.engine.Engine SELECT scan.id, scan.company_id, scan.product, scan.scan_date, scan.report_date, scan.coverage_start, scan.coverage_end, scan.pdf_file, scan.pdf_filename, scan.extracted_text, scan.result_json, scan.gpt_cost, scan.gpt_model, scan.estimated_time_seconds, scan.auditor, scan.gpt_usage_details, scan.executive_summary, scan.executive_summary_stale 
FROM scan ORDER BY scan.scan_date DESC 
 LIMIT $1::INTEGER
2025-11-11 02:39:50,897 INFO sqlalchemy.engine.Engine [generated in 0.00132s] (20,)
2025-11-11 02:39:50,903 INFO sqlalchemy.engine.Engine BEGIN (implicit)
2025-11-11 02:39:50,905 INFO sqlalchemy.engine.Engine SELECT settings.key, settings.value 
FROM settings
2025-11-11 02:39:50,906 INFO sqlalchemy.engine.Engine [generated in 0.00122s] ()
INFO:     172.18.0.5:45644 - "GET /settings HTTP/1.0" 200 OK
2025-11-11 02:39:50,910 INFO sqlalchemy.engine.Engine ROLLBACK
INFO:     172.18.0.5:45632 - "GET /history HTTP/1.0" 200 OK
2025-11-11 02:39:51,266 INFO sqlalchemy.engine.Engine ROLLBACK
2025-11-11 02:39:59,119 INFO sqlalchemy.engine.Engine BEGIN (implicit)
2025-11-11 02:39:59,124 INFO sqlalchemy.engine.Engine SELECT scan.id, scan.company_id, scan.product, scan.scan_date, scan.report_date, scan.coverage_start, scan.coverage_end, scan.pdf_file, scan.pdf_filename, scan.extracted_text, scan.result_json, scan.gpt_cost, scan.gpt_model, scan.estimated_time_seconds, scan.auditor, scan.gpt_usage_details, scan.executive_summary, scan.executive_summary_stale 
FROM scan ORDER BY scan.scan_date DESC 
 LIMIT $1::INTEGER
2025-11-11 02:39:59,128 INFO sqlalchemy.engine.Engine [cached since 8.233s ago] (20,)
2025-11-11 02:39:59,136 INFO sqlalchemy.engine.Engine BEGIN (implicit)
2025-11-11 02:39:59,141 INFO sqlalchemy.engine.Engine SELECT scan.id, scan.company_id, scan.product, scan.scan_date, scan.report_date, scan.coverage_start, scan.coverage_end, scan.pdf_file, scan.pdf_filename, scan.extracted_text, scan.result_json, scan.gpt_cost, scan.gpt_model, scan.estimated_time_seconds, scan.auditor, scan.gpt_usage_details, scan.executive_summary, scan.executive_summary_stale 
FROM scan 
WHERE scan.id = $1::INTEGER
2025-11-11 02:39:59,143 INFO sqlalchemy.engine.Engine [generated in 0.00232s] (27,)
INFO:     172.18.0.5:55032 - "GET /framework_criteria HTTP/1.0" 200 OK
2025-11-11 02:39:59,204 INFO sqlalchemy.engine.Engine SELECT company.id, company.name, company.parent_company, company.confidence, company.scan_id 
FROM company 
WHERE company.scan_id = $1::INTEGER
2025-11-11 02:39:59,206 INFO sqlalchemy.engine.Engine [generated in 0.00137s] (27,)
2025-11-11 02:39:59,220 INFO sqlalchemy.engine.Engine SELECT control.id, control.control_id, control.control_desc, control.control_test, control.control_test_results, control.has_deviation, control.deviation_desc, control.control_page_ref, control.control_line_ref, control.control_seq, control.control_tsc_id, control.control_coso_id, control.control_tsc_similarity, control.control_coso_similarity, control.control_tsc_confidence_pct, control.control_coso_confidence_pct, control.control_closest_framework, control.control_tsc_section, control.control_coso_section, control.control_soc_domain, control.control_status, control.merged_to_control_id, control.control_gpt_opinion, control.control_gpt_reasoning, control.control_confidence, control.confidence_calc, control.scan_id, control.annotation 
FROM control 
WHERE control.scan_id = $1::INTEGER
2025-11-11 02:39:59,221 INFO sqlalchemy.engine.Engine [generated in 0.00146s] (27,)
2025-11-11 02:39:59,227 INFO sqlalchemy.engine.Engine BEGIN (implicit)
2025-11-11 02:39:59,229 INFO sqlalchemy.engine.Engine SELECT scan.id, scan.company_id, scan.product, scan.scan_date, scan.report_date, scan.coverage_start, scan.coverage_end, scan.pdf_file, scan.pdf_filename, scan.extracted_text, scan.result_json, scan.gpt_cost, scan.gpt_model, scan.estimated_time_seconds, scan.auditor, scan.gpt_usage_details, scan.executive_summary, scan.executive_summary_stale 
FROM scan 
WHERE scan.id = $1::INTEGER
2025-11-11 02:39:59,231 INFO sqlalchemy.engine.Engine [cached since 0.09017s ago] (27,)
2025-11-11 02:39:59,256 INFO sqlalchemy.engine.Engine SELECT control.id, control.control_id, control.control_desc, control.control_test, control.control_test_results, control.has_deviation, control.deviation_desc, control.control_page_ref, control.control_line_ref, control.control_seq, control.control_tsc_id, control.control_coso_id, control.control_tsc_similarity, control.control_coso_similarity, control.control_tsc_confidence_pct, control.control_coso_confidence_pct, control.control_closest_framework, control.control_tsc_section, control.control_coso_section, control.control_soc_domain, control.control_status, control.merged_to_control_id, control.control_gpt_opinion, control.control_gpt_reasoning, control.control_confidence, control.confidence_calc, control.scan_id, control.annotation 
FROM control 
WHERE control.scan_id = $1::INTEGER
2025-11-11 02:39:59,258 INFO sqlalchemy.engine.Engine [cached since 0.03812s ago] (27,)
2025-11-11 02:39:59,550 INFO sqlalchemy.engine.Engine SELECT cuec.id, cuec.cuec_seq, cuec.cuec_tsc_id, cuec.cuec_description, cuec.cuec_line_ref, cuec.cuec_confidence, cuec.cuec_gpt_opinion, cuec.cuec_distance_from_cuec_keywords, cuec.cuec_gpt_reasoning, cuec.cuec_framework_alignment, cuec.cuec_framework_alignment_id, cuec.cuec_justification, cuec.cuec_coso_id, cuec.cuec_tsc_similarity, cuec.cuec_coso_similarity, cuec.cuec_tsc_confidence_pct, cuec.cuec_coso_confidence_pct, cuec.cuec_closest_framework, cuec.cuec_confidence_justification, cuec.scan_id, cuec.annotation, cuec.control_strength 
FROM cuec 
WHERE cuec.scan_id = $1::INTEGER
2025-11-11 02:39:59,551 INFO sqlalchemy.engine.Engine [generated in 0.00175s] (27,)
2025-11-11 02:39:59,554 INFO sqlalchemy.engine.Engine SELECT cuec.id, cuec.cuec_seq, cuec.cuec_tsc_id, cuec.cuec_description, cuec.cuec_line_ref, cuec.cuec_confidence, cuec.cuec_gpt_opinion, cuec.cuec_distance_from_cuec_keywords, cuec.cuec_gpt_reasoning, cuec.cuec_framework_alignment, cuec.cuec_framework_alignment_id, cuec.cuec_justification, cuec.cuec_coso_id, cuec.cuec_tsc_similarity, cuec.cuec_coso_similarity, cuec.cuec_tsc_confidence_pct, cuec.cuec_coso_confidence_pct, cuec.cuec_closest_framework, cuec.cuec_confidence_justification, cuec.scan_id, cuec.annotation, cuec.control_strength 
FROM cuec 
WHERE cuec.scan_id = $1::INTEGER
2025-11-11 02:39:59,556 INFO sqlalchemy.engine.Engine [cached since 0.006183s ago] (27,)
INFO:     172.18.0.5:55012 - "GET /history HTTP/1.0" 200 OK
2025-11-11 02:39:59,559 INFO sqlalchemy.engine.Engine ROLLBACK
2025-11-11 02:39:59,573 INFO sqlalchemy.engine.Engine SELECT subservice_org.id, subservice_org.name, subservice_org.confidence, subservice_org.scan_id, subservice_org.third_party_description, subservice_org.third_party_page_ref, subservice_org.third_party_confidence, subservice_org.distance_from_so_keywords, subservice_org.likely_so, subservice_org.common_so, subservice_org.source_context, subservice_org.confidence_justification, subservice_org.third_party_controls, subservice_org.annotation 
FROM subservice_org 
WHERE subservice_org.scan_id = $1::INTEGER
2025-11-11 02:39:59,575 INFO sqlalchemy.engine.Engine [generated in 0.00156s] (27,)
2025-11-11 02:39:59,578 INFO sqlalchemy.engine.Engine SELECT subservice_org.id, subservice_org.name, subservice_org.confidence, subservice_org.scan_id, subservice_org.third_party_description, subservice_org.third_party_page_ref, subservice_org.third_party_confidence, subservice_org.distance_from_so_keywords, subservice_org.likely_so, subservice_org.common_so, subservice_org.source_context, subservice_org.confidence_justification, subservice_org.third_party_controls, subservice_org.annotation 
FROM subservice_org 
WHERE subservice_org.scan_id = $1::INTEGER
2025-11-11 02:39:59,579 INFO sqlalchemy.engine.Engine [cached since 0.005724s ago] (27,)
2025-11-11 02:39:59,585 INFO sqlalchemy.engine.Engine SELECT product.id, product.name, product.scan_id 
FROM product 
WHERE product.scan_id = $1::INTEGER
2025-11-11 02:39:59,587 INFO sqlalchemy.engine.Engine [generated in 0.00166s] (27,)
2025-11-11 02:39:59,590 INFO sqlalchemy.engine.Engine SELECT company.id, company.name, company.parent_company, company.confidence, company.scan_id 
FROM company 
WHERE company.scan_id = $1::INTEGER
2025-11-11 02:39:59,591 INFO sqlalchemy.engine.Engine [cached since 0.3868s ago] (27,)
2025-11-11 02:39:59,596 INFO sqlalchemy.engine.Engine SELECT product.id, product.name, product.scan_id 
FROM product 
WHERE product.scan_id = $1::INTEGER
2025-11-11 02:39:59,597 INFO sqlalchemy.engine.Engine [cached since 0.01175s ago] (27,)
INFO:     172.18.0.5:55014 - "GET /report/27 HTTP/1.0" 200 OK
REGENERATE DEBUG: Generating new executive summary for scan 27
REGENERATE DEBUG: Calling GPT to generate real summary
REGENERATE DEBUG: Executive Summary GPT Prompt:
================================================================================

You are a senior risk analyst preparing a concise executive-level summary from SOC 2 report results.  
Generate an accurate, structured JSON summary covering the organization, findings, and recommendations.

## Scope
Inputs include SOC 2 coverage statistics, CUECs, COSO and TSC mapping tables, and detected deviations.

## Rules
1. Use provided variables ΓÇö company='Adobe Incorporated', product='Adobe Experience Cloud' ΓÇö when composing the about_company section.
2. Treat any missing sections as ΓÇ£unknown/not coveredΓÇ¥ but do not list them as deficiencies.
3. Do not repeat input data; synthesize it into insights.
4. Every finding or recommendation must be plausible and customer-relevant (not advice for the vendorΓÇÖs internal controls).
5. Include at least one insight referencing CUEC control strength if applicable.
6. Maintain neutral, audit-appropriate tone ΓÇö no marketing language or speculation.

## Output Format
Return only a valid JSON object using this exact structure:
{
    "about_company": "<brief narrative about Adobe Incorporated and product Adobe Experience Cloud, with grade A/B/C/D>",
    "key_findings": ["<1ΓÇô2 sentences each>"],
    "areas_of_concern": ["<1ΓÇô2 sentences each>"],
    "deviations_noted": [
        {"control_id": "<string>", "deviation_summary": "<concise issue description>"}
    ],
    "unknown_coverage_gaps": ["<not tested / out of scope descriptions>"],
    "recommendations_risk_mitigations": ["<up to 3 actionable technical/operational recommendations>"],
    "recommendations_contract_enhancements": ["<up to 3 actionable contractual/DPA/SLA recommendations>"],
    "recommendations": ["<union of all recommendations above>"]
}

## Inputs
SOC 2 Executive Summary Stats:
- Subservice orgs: 0
- CUECs: 1
- TSC coverage: 16 of 48
- COSO coverage: 13 of 17

TSC Table:
Unspecified: CC1.1 - The entity demonstrates a commitment to integrity and ethical values. (Γ£ö)
Unspecified: CC2.1 - The board of directors demonstrates independence from management and exercises oversight of the development and performance of internal control. (Γ£ö)
Unspecified: CC3.1 - Management establishes, with board oversight, structures, reporting lines, and appropriate authorities and responsibilities in the pursuit of objectives. (Γ£ö)
Unspecified: CC4.1 - The entity demonstrates a commitment to attract, develop, and retain competent individuals in alignment with objectives. (Γ£ö)
Unspecified: CC5.1 - The entity holds individuals accountable for their internal control responsibilities in the pursuit of objectives. (Γ£ö)
Unspecified: CC6.1 - The entity specifies objectives with sufficient clarity to enable the identification and assessment of risks relating to objectives. (Γ£ö)
Unspecified: CC6.2 - The entity identifies risks to the achievement of its objectives across the entity and analyzes risks as a basis for determining how the risks should be managed. (Γ£ù)
Unspecified: CC6.3 - The entity considers the potential for fraud in assessing risks to the achievement of objectives. (Γ£ù)
Unspecified: CC6.4 - The entity identifies and assesses changes that could significantly impact the system of internal control. (Γ£ö)
Unspecified: CC7.1 - The entity selects and develops control activities that contribute to the mitigation of risks to the achievement of objectives to acceptable levels. (Γ£ö)
Unspecified: CC7.2 - The entity selects and develops general control activities over technology to support the achievement of objectives. (Γ£ö)
Unspecified: CC7.3 - The entity deploys control activities through policies that establish what is expected and procedures that put policies into action. (Γ£ö)
Unspecified: CC8.1 - The entity obtains or generates and uses relevant, quality information to support the functioning of internal control. (Γ£ö)
Unspecified: CC8.2 - The entity internally communicates information, including objectives and responsibilities for internal control, necessary to support the functioning of internal control. (Γ£ù)
Unspecified: CC8.3 - The entity communicates with external parties regarding matters affecting the functioning of internal control. (Γ£ù)
Unspecified: CC9.1 - The entity selects, develops, and performs ongoing and/or separate evaluations to ascertain whether the components of internal control are present and functioning. (Γ£ö)
Unspecified: CC9.2 - The entity evaluates and communicates internal control deficiencies in a timely manner to those parties responsible for taking corrective action, including senior management and the board of directors, as appropriate. (Γ£ö)
Unspecified: C1.1 - The entity identifies and manages the inventory of information assets. (Γ£ù)
Unspecified: C1.2 - The entity restricts logical access to information assets and protected information to authorized personnel. (Γ£ù)
Unspecified: C1.3 - The entity authorizes, designs, develops, or acquires, configures, documents, tests, approves, and implements system changes. (Γ£ù)
Unspecified: C1.4 - The entity restricts physical access to information assets and protected information to authorized personnel. (Γ£ù)
Unspecified: C1.5 - The entity implements controls to prevent, detect, and mitigate security events. (Γ£ù)
Unspecified: C1.6 - The entity implements controls to prevent, detect, and mitigate security incidents. (Γ£ù)
Unspecified: C1.7 - The entity implements controls to prevent, detect, and mitigate unauthorized disclosure of protected information. (Γ£ù)
Unspecified: C1.8 - The entity implements controls to prevent, detect, and mitigate unauthorized destruction of protected information. (Γ£ù)
Unspecified: C1.9 - The entity implements controls to prevent, detect, and mitigate unauthorized use of protected information. (Γ£ù)
Unspecified: A1.1 - The entity implements controls to protect the availability of information assets. (Γ£ù)
Unspecified: A1.2 - The entity implements controls to prevent, detect, and mitigate availability incidents. (Γ£ù)
Unspecified: P1.1 - The entity implements controls to protect the privacy of personal information. (Γ£ù)
Unspecified: P2.1 - The entity provides notice to data subjects about its privacy practices. (Γ£ù)
Unspecified: P3.1 - The entity provides data subjects with choices regarding the collection, use, and disclosure of personal information. (Γ£ù)
Unspecified: P3.2 - The entity obtains explicit consent from data subjects for the collection, use, and disclosure of personal information. (Γ£ù)
Unspecified: P4.1 - The entity collects and uses personal information for purposes identified in the entity's privacy notice. (Γ£ù)
Unspecified: P5.1 - The entity provides data subjects with access to their personal information for review and correction. (Γ£ù)
Unspecified: P6.1 - The entity discloses personal information to third parties only for purposes identified in the entity's privacy notice. (Γ£ù)
Unspecified: P7.1 - The entity implements controls to protect the quality and integrity of personal information. (Γ£ù)
Unspecified: P8.1 - The entity implements controls to protect the retention and disposal of personal information. (Γ£ù)
Unspecified: P9.1 - The entity implements controls to protect the transfer of personal information. (Γ£ù)
Unspecified: P10.1 - The entity implements controls to protect the monitoring and enforcement of privacy practices. (Γ£ù)
Unspecified: Conf1.1 - The entity identifies and maintains confidential information to meet the entity's objectives. (Γ£ù)
Unspecified: Conf1.2 - The entity disposes of confidential information to meet the entity's objectives. (Γ£ù)
Unspecified: Conf1.3 - The entity protects confidential information from unauthorized disclosure. (Γ£ù)
Unspecified: Conf1.4 - The entity protects confidential information from unauthorized use. (Γ£ù)
Unspecified: PI1.1 - The entity defines processing specifications to meet the entity's objectives. (Γ£ù)
Unspecified: PI1.2 - The entity implements controls to achieve processing objectives and detect and correct processing errors. (Γ£ö)
Unspecified: PI1.3 - The entity implements controls to protect processing from unauthorized modification. (Γ£ö)
Unspecified: PI1.4 - The entity implements controls to ensure system output is complete, accurate, and timely. (Γ£ö)
Unspecified: PI1.5 - The entity implements controls to protect the integrity of system processing. (Γ£ù)

COSO Table:
Control Environment: 1 - The organization demonstrates a commitment to integrity and ethical values. (Γ£ö)
Control Environment: 2 - The board of directors demonstrates independence from management and exercises oversight of the development and performance of internal control. (Γ£ö)
Control Environment: 3 - Management establishes, with board oversight, structures, reporting lines, and appropriate authorities and responsibilities in the pursuit of objectives. (Γ£ö)
Control Environment: 4 - The organization demonstrates a commitment to attract, develop, and retain competent individuals in alignment with objectives. (Γ£ö)
Control Environment: 5 - The organization holds individuals accountable for their internal control responsibilities in the pursuit of objectives. (Γ£ö)
Risk Assessment: 6 - The organization specifies objectives with sufficient clarity to enable the identification and assessment of risks relating to objectives. (Γ£ù)
Risk Assessment: 7 - The organization identifies risks to the achievement of its objectives across the entity and analyzes risks as a basis for determining how the risks should be managed. (Γ£ö)
Risk Assessment: 8 - The organization considers the potential for fraud in assessing risks to the achievement of objectives. (Γ£ö)
Risk Assessment: 9 - The organization identifies and assesses changes that could significantly impact the system of internal control. (Γ£ö)
Control Activities: 10 - The organization selects and develops control activities that contribute to the mitigation of risks to the achievement of objectives to acceptable levels. (Γ£ù)
Control Activities: 11 - The organization selects and develops general control activities over technology to support the achievement of objectives. (Γ£ö)
Control Activities: 12 - The organization deploys control activities through policies that establish what is expected and procedures that put policies into action. (Γ£ö)
Information and Communication: 13 - The organization obtains or generates and uses relevant, quality information to support the functioning of internal control. (Γ£ö)
Information and Communication: 14 - The organization internally communicates information, including objectives and responsibilities for internal control, necessary to support the functioning of internal control. (Γ£ù)
Information and Communication: 15 - The organization communicates with external parties regarding matters affecting the functioning of internal control. (Γ£ö)
Monitoring Activities: 16 - The organization selects, develops, and performs ongoing and/or separate evaluations to ascertain whether the components of internal control are present and functioning. (Γ£ö)
Monitoring Activities: 17 - The organization evaluates and communicates internal control deficiencies in a timely manner to those parties responsible for taking corrective action, including senior management and the board of directors, as appropriate. (Γ£ù)

Detected Deviations:
None.

Control Test Results:
Control SG-02-01: No exceptions noted.
Control PR-03-01: No exceptions noted.
Control CC1.3: No exceptions noted.
Control CC6.1: Based on inquiries and inspection of the records, the control was determined to be suitably designed and operating effectively to achieve the applicable criteria for security during the specified period.
Control CC1.1 / EM-01-01: No exceptions noted.
Control CC1.1: No exceptions noted.
Control CC1.1: No exceptions noted.
Control CC1.3: No exceptions noted.
Control CC1.1: No exceptions noted.
Control EM-01-01: No exceptions noted.
Control PR-05-01: No exceptions noted.
Control EM-01-02: No exceptions noted.
Control CC1.2: No exceptions noted.
Control CC1.2: No exceptions noted.
Control EM-01-02: No exceptions noted.
Control SG-04-01: No exceptions noted.
Control SG-04-03: No exceptions noted.
Control TPM-04-01: No exceptions noted.
Control CC1.4: No exceptions noted.
Control PR-01-02: No exceptions noted.
Control CC1.5: No exceptions noted.
Control Description of Tests of Controls: The tested controls were found to be suitably designed and operating effectively throughout the period November 1, 2022, to October 31, 2023. The tests provided reasonable assurance that Adobe's service commitments and system requirements were achieved based on the applicable trust services criteria.
Control CC6.1: The controls described in the report were found to be suitably designed and operating effectively throughout the defined period. This includes verifying that complementary subservice organization controls were in place and functioning as intended to meet service commitments.
Control CC6.1: The auditor concluded that the controls stated in the description operated effectively throughout the period under review to provide reasonable assurance that Adobe's service commitments and system requirements were achieved.
Control CC6.1: The auditor observed and confirmed that the controls in place were suitably designed and operated effectively throughout the specified period.
Control Adobe Target: Not explicitly stated in the provided text.
Control Description of Tests of Controls: The controls stated in the description were suitably designed to provide reasonable assurance that Adobe's service commitments and system requirements would be achieved based on the applicable trust services criteria. Also, the controls operated effectively throughout the defined period.
Control CC6.1: The controls stated in the description operated effectively throughout the period November 1, 2022 to October 31, 2023, providing reasonable assurance that Adobe's service commitments and system requirements were achieved based on the applicable trust services criteria.
Control CC6.1: The controls were found to be suitably designed and operated effectively throughout the stated period to provide reasonable assurance that Adobe's service commitments and system requirements were achieved.
Control CC1.0: The controls were found to be suitably designed and operating effectively to provide reasonable assurance of achieving service commitments and system requirements.
Control CC6.1: The report stated that the controls and complementary subservice organization controls were suitably designed and operating effectively to meet the outlined trust services criteria for the entire evaluation period.
Control Adobe Campaign: Not explicitly documented in the provided text.
Control Adobe Workfront: Test results showed that Adobe Workfront provides comprehensive tools for work planning and collaboration, enhancing efficiency across teams.

CUEC Control Strength Assessments:
No high-confidence CUECs with control strength assessments found.

================================================================================
REGENERATE DEBUG: GPT Response received (length: 3619 chars)
REGENERATE DEBUG: GPT Response preview: {
    "about_company": "Adobe Incorporated, a global leader in software solutions, provides Adobe Experience Cloud, an enterprise-level suite of tools for marketing, analytics, and customer experience...
REGENERATE DEBUG: Saving new executive summary to database for scan 27
2025-11-11 02:40:06,685 INFO sqlalchemy.engine.Engine UPDATE scan SET executive_summary=$1::JSON, executive_summary_stale=$2::BOOLEAN WHERE scan.id = $3::INTEGER
2025-11-11 02:40:06,688 INFO sqlalchemy.engine.Engine [generated in 0.00274s] ('{"about_company": "Adobe Incorporated, a global leader in software solutions, provides Adobe Experience Cloud, an enterprise-level suite of tools for ... (3113 characters truncated) ... rovisions in SLAs for availability metrics and incident resolution times tied to trust service criteria for availability and processing integrity."]}', False, 27)
2025-11-11 02:40:06,690 INFO sqlalchemy.engine.Engine ROLLBACK
2025-11-11 02:40:06,700 INFO sqlalchemy.engine.Engine COMMIT
REGENERATE DEBUG: Executive summary saved successfully for scan 27
2025-11-11 02:42:22,484 INFO sqlalchemy.engine.Engine BEGIN (implicit)
2025-11-11 02:42:22,487 INFO sqlalchemy.engine.Engine SELECT cuec.id, cuec.cuec_seq, cuec.cuec_tsc_id, cuec.cuec_description, cuec.cuec_line_ref, cuec.cuec_confidence, cuec.cuec_gpt_opinion, cuec.cuec_distance_from_cuec_keywords, cuec.cuec_gpt_reasoning, cuec.cuec_framework_alignment, cuec.cuec_framework_alignment_id, cuec.cuec_justification, cuec.cuec_coso_id, cuec.cuec_tsc_similarity, cuec.cuec_coso_similarity, cuec.cuec_tsc_confidence_pct, cuec.cuec_coso_confidence_pct, cuec.cuec_closest_framework, cuec.cuec_confidence_justification, cuec.scan_id, cuec.annotation, cuec.control_strength 
FROM cuec 
WHERE cuec.scan_id = $1::INTEGER AND cuec.id = $2::INTEGER
2025-11-11 02:42:22,488 INFO sqlalchemy.engine.Engine [generated in 0.00116s] (27, 456)
2025-11-11 02:42:22,492 INFO sqlalchemy.engine.Engine BEGIN (implicit)
2025-11-11 02:42:22,493 INFO sqlalchemy.engine.Engine SELECT cuec.id, cuec.cuec_seq, cuec.cuec_tsc_id, cuec.cuec_description, cuec.cuec_line_ref, cuec.cuec_confidence, cuec.cuec_gpt_opinion, cuec.cuec_distance_from_cuec_keywords, cuec.cuec_gpt_reasoning, cuec.cuec_framework_alignment, cuec.cuec_framework_alignment_id, cuec.cuec_justification, cuec.cuec_coso_id, cuec.cuec_tsc_similarity, cuec.cuec_coso_similarity, cuec.cuec_tsc_confidence_pct, cuec.cuec_coso_confidence_pct, cuec.cuec_closest_framework, cuec.cuec_confidence_justification, cuec.scan_id, cuec.annotation, cuec.control_strength 
FROM cuec 
WHERE cuec.scan_id = $1::INTEGER AND cuec.id = $2::INTEGER
2025-11-11 02:42:22,494 INFO sqlalchemy.engine.Engine [cached since 0.006851s ago] (27, 458)
2025-11-11 02:42:22,496 INFO sqlalchemy.engine.Engine BEGIN (implicit)
2025-11-11 02:42:22,497 INFO sqlalchemy.engine.Engine SELECT cuec.id, cuec.cuec_seq, cuec.cuec_tsc_id, cuec.cuec_description, cuec.cuec_line_ref, cuec.cuec_confidence, cuec.cuec_gpt_opinion, cuec.cuec_distance_from_cuec_keywords, cuec.cuec_gpt_reasoning, cuec.cuec_framework_alignment, cuec.cuec_framework_alignment_id, cuec.cuec_justification, cuec.cuec_coso_id, cuec.cuec_tsc_similarity, cuec.cuec_coso_similarity, cuec.cuec_tsc_confidence_pct, cuec.cuec_coso_confidence_pct, cuec.cuec_closest_framework, cuec.cuec_confidence_justification, cuec.scan_id, cuec.annotation, cuec.control_strength 
FROM cuec 
WHERE cuec.scan_id = $1::INTEGER AND cuec.id = $2::INTEGER
2025-11-11 02:42:22,498 INFO sqlalchemy.engine.Engine [cached since 0.01067s ago] (27, 457)
2025-11-11 02:42:22,502 INFO sqlalchemy.engine.Engine UPDATE cuec SET cuec_confidence=$1::FLOAT, cuec_confidence_justification=$2::VARCHAR WHERE cuec.id = $3::INTEGER
2025-11-11 02:42:22,504 INFO sqlalchemy.engine.Engine [generated in 0.00135s] (1.0, '["Base score: 0.3", "+0.1: cuec_gpt_opinion is \'yes\'", "+0.2: Framework alignment found (TSC, COSO, or other ID)"]\nUI edit: cuec_confidence 0.6 -> 1.0', 456)
2025-11-11 02:42:22,510 INFO sqlalchemy.engine.Engine UPDATE cuec SET cuec_confidence=$1::FLOAT, cuec_confidence_justification=$2::VARCHAR WHERE cuec.id = $3::INTEGER
2025-11-11 02:42:22,511 INFO sqlalchemy.engine.Engine [cached since 0.008684s ago] (1.0, '["Base score: 0.3", "+0.1: cuec_gpt_opinion is \'yes\'", "+0.2: Framework alignment found (TSC, COSO, or other ID)"]\nUI edit: cuec_confidence 0.6 -> 1.0', 458)
2025-11-11 02:42:22,513 INFO sqlalchemy.engine.Engine SELECT scan.id, scan.company_id, scan.product, scan.scan_date, scan.report_date, scan.coverage_start, scan.coverage_end, scan.pdf_file, scan.pdf_filename, scan.extracted_text, scan.result_json, scan.gpt_cost, scan.gpt_model, scan.estimated_time_seconds, scan.auditor, scan.gpt_usage_details, scan.executive_summary, scan.executive_summary_stale 
FROM scan 
WHERE scan.id = $1::INTEGER
2025-11-11 02:42:22,514 INFO sqlalchemy.engine.Engine [cached since 144.2s ago] (27,)
2025-11-11 02:42:22,516 INFO sqlalchemy.engine.Engine UPDATE cuec SET cuec_confidence=$1::FLOAT, cuec_confidence_justification=$2::VARCHAR WHERE cuec.id = $3::INTEGER
2025-11-11 02:42:22,517 INFO sqlalchemy.engine.Engine [cached since 0.01461s ago] (1.0, '["Base score: 0.3", "+0.1: cuec_gpt_opinion is \'yes\'", "+0.2: Framework alignment found (TSC, COSO, or other ID)"]\nUI edit: cuec_confidence 0.6 -> 1.0', 457)
2025-11-11 02:42:22,520 INFO sqlalchemy.engine.Engine SELECT scan.id, scan.company_id, scan.product, scan.scan_date, scan.report_date, scan.coverage_start, scan.coverage_end, scan.pdf_file, scan.pdf_filename, scan.extracted_text, scan.result_json, scan.gpt_cost, scan.gpt_model, scan.estimated_time_seconds, scan.auditor, scan.gpt_usage_details, scan.executive_summary, scan.executive_summary_stale 
FROM scan 
WHERE scan.id = $1::INTEGER
2025-11-11 02:42:22,521 INFO sqlalchemy.engine.Engine [cached since 144.2s ago] (27,)
2025-11-11 02:42:22,522 INFO sqlalchemy.engine.Engine SELECT scan.id, scan.company_id, scan.product, scan.scan_date, scan.report_date, scan.coverage_start, scan.coverage_end, scan.pdf_file, scan.pdf_filename, scan.extracted_text, scan.result_json, scan.gpt_cost, scan.gpt_model, scan.estimated_time_seconds, scan.auditor, scan.gpt_usage_details, scan.executive_summary, scan.executive_summary_stale 
FROM scan 
WHERE scan.id = $1::INTEGER
2025-11-11 02:42:22,523 INFO sqlalchemy.engine.Engine [cached since 144.2s ago] (27,)
2025-11-11 02:42:22,555 INFO sqlalchemy.engine.Engine UPDATE scan SET executive_summary_stale=$1::BOOLEAN WHERE scan.id = $2::INTEGER
2025-11-11 02:42:22,556 INFO sqlalchemy.engine.Engine [generated in 0.00154s] (True, 27)
2025-11-11 02:42:22,564 INFO sqlalchemy.engine.Engine UPDATE scan SET executive_summary_stale=$1::BOOLEAN WHERE scan.id = $2::INTEGER
2025-11-11 02:42:22,566 INFO sqlalchemy.engine.Engine [cached since 0.01137s ago] (True, 27)
2025-11-11 02:42:22,568 INFO sqlalchemy.engine.Engine UPDATE scan SET executive_summary_stale=$1::BOOLEAN WHERE scan.id = $2::INTEGER
2025-11-11 02:42:22,569 INFO sqlalchemy.engine.Engine [cached since 0.01472s ago] (True, 27)
2025-11-11 02:42:22,571 INFO sqlalchemy.engine.Engine COMMIT
2025-11-11 02:42:22,575 INFO sqlalchemy.engine.Engine BEGIN (implicit)
2025-11-11 02:42:22,577 INFO sqlalchemy.engine.Engine SELECT cuec.id, cuec.cuec_seq, cuec.cuec_tsc_id, cuec.cuec_description, cuec.cuec_line_ref, cuec.cuec_confidence, cuec.cuec_gpt_opinion, cuec.cuec_distance_from_cuec_keywords, cuec.cuec_gpt_reasoning, cuec.cuec_framework_alignment, cuec.cuec_framework_alignment_id, cuec.cuec_justification, cuec.cuec_coso_id, cuec.cuec_tsc_similarity, cuec.cuec_coso_similarity, cuec.cuec_tsc_confidence_pct, cuec.cuec_coso_confidence_pct, cuec.cuec_closest_framework, cuec.cuec_confidence_justification, cuec.scan_id, cuec.annotation, cuec.control_strength 
FROM cuec 
WHERE cuec.scan_id = $1::INTEGER AND cuec.id = $2::INTEGER
2025-11-11 02:42:22,578 INFO sqlalchemy.engine.Engine [cached since 0.09038s ago] (27, 459)
2025-11-11 02:42:22,579 INFO sqlalchemy.engine.Engine COMMIT
INFO:     172.18.0.5:43728 - "PATCH /report/27/cuecs/457 HTTP/1.0" 200 OK
2025-11-11 02:42:22,584 INFO sqlalchemy.engine.Engine COMMIT
INFO:     172.18.0.5:43712 - "PATCH /report/27/cuecs/458 HTTP/1.0" 200 OK
2025-11-11 02:42:22,587 INFO sqlalchemy.engine.Engine UPDATE cuec SET cuec_confidence=$1::FLOAT, cuec_confidence_justification=$2::VARCHAR WHERE cuec.id = $3::INTEGER
2025-11-11 02:42:22,588 INFO sqlalchemy.engine.Engine [cached since 0.08568s ago] (1.0, '["Base score: 0.3", "+0.1: cuec_gpt_opinion is \'yes\'", "+0.2: Framework alignment found (TSC, COSO, or other ID)"]\nUI edit: cuec_confidence 0.6 -> 1.0', 459)
INFO:     172.18.0.5:43706 - "PATCH /report/27/cuecs/456 HTTP/1.0" 200 OK
2025-11-11 02:42:22,592 INFO sqlalchemy.engine.Engine SELECT scan.id, scan.company_id, scan.product, scan.scan_date, scan.report_date, scan.coverage_start, scan.coverage_end, scan.pdf_file, scan.pdf_filename, scan.extracted_text, scan.result_json, scan.gpt_cost, scan.gpt_model, scan.estimated_time_seconds, scan.auditor, scan.gpt_usage_details, scan.executive_summary, scan.executive_summary_stale 
FROM scan 
WHERE scan.id = $1::INTEGER
2025-11-11 02:42:22,593 INFO sqlalchemy.engine.Engine [cached since 144.3s ago] (27,)
2025-11-11 02:42:22,613 INFO sqlalchemy.engine.Engine COMMIT
INFO:     172.18.0.5:43742 - "PATCH /report/27/cuecs/459 HTTP/1.0" 200 OK
2025-11-11 02:42:49,177 INFO sqlalchemy.engine.Engine BEGIN (implicit)
2025-11-11 02:42:49,178 INFO sqlalchemy.engine.Engine SELECT cuec.id, cuec.cuec_seq, cuec.cuec_tsc_id, cuec.cuec_description, cuec.cuec_line_ref, cuec.cuec_confidence, cuec.cuec_gpt_opinion, cuec.cuec_distance_from_cuec_keywords, cuec.cuec_gpt_reasoning, cuec.cuec_framework_alignment, cuec.cuec_framework_alignment_id, cuec.cuec_justification, cuec.cuec_coso_id, cuec.cuec_tsc_similarity, cuec.cuec_coso_similarity, cuec.cuec_tsc_confidence_pct, cuec.cuec_coso_confidence_pct, cuec.cuec_closest_framework, cuec.cuec_confidence_justification, cuec.scan_id, cuec.annotation, cuec.control_strength 
FROM cuec 
WHERE cuec.scan_id = $1::INTEGER AND cuec.id = $2::INTEGER
2025-11-11 02:42:49,179 INFO sqlalchemy.engine.Engine [cached since 26.85s ago] (27, 454)
2025-11-11 02:42:49,182 INFO sqlalchemy.engine.Engine UPDATE cuec SET cuec_confidence=$1::FLOAT, cuec_confidence_justification=$2::VARCHAR WHERE cuec.id = $3::INTEGER
2025-11-11 02:42:49,183 INFO sqlalchemy.engine.Engine [cached since 26.84s ago] (0.0, '["Base score: 0.3", "+0.1: cuec_gpt_opinion is \'yes\'", "+0.1: cuec_distance_from_cuec_keywords < 5 (actual: 0)", "+0.2: CUEC keyword present in des ... (225 characters truncated) ... tion", "+0.2: Framework alignment found (TSC, COSO, or other ID)"]; Manually ignored in UI - confidence set to 0\nUI edit: cuec_confidence 0.9 -> 0.0', 454)
2025-11-11 02:42:49,186 INFO sqlalchemy.engine.Engine SELECT scan.id, scan.company_id, scan.product, scan.scan_date, scan.report_date, scan.coverage_start, scan.coverage_end, scan.pdf_file, scan.pdf_filename, scan.extracted_text, scan.result_json, scan.gpt_cost, scan.gpt_model, scan.estimated_time_seconds, scan.auditor, scan.gpt_usage_details, scan.executive_summary, scan.executive_summary_stale 
FROM scan 
WHERE scan.id = $1::INTEGER
2025-11-11 02:42:49,186 INFO sqlalchemy.engine.Engine [cached since 171s ago] (27,)
2025-11-11 02:42:49,198 INFO sqlalchemy.engine.Engine COMMIT
INFO:     172.18.0.5:56868 - "PATCH /report/27/cuecs/454 HTTP/1.0" 200 OK
