Normalized TOC Headings:
  TOC: 'I. Independent Service Auditor’s Report on a SOC 2 Examination' => 'iindependentserviceauditorsreportonasoc2examination'
  TOC: 'II. Assertion of Adobe Incorporated Management' => 'iiassertionofadobeincorporatedmanagement'
  TOC: 'III. Adobe Incorporated’s Description of Its Experience Cloud System' => 'iiiadobeincorporatedsdescriptionofitsexperiencecloudsystem'
  TOC: 'IV. Trust Services Criteria, Related Controls, Tests of Controls, and Results of Tests' => 'ivtrustservicescriteriarelatedcontrolstestsofcontrolsandresultsoftests'
  TOC: 'V. Other Information Provided by Adobe Incorporated That Is Not Covered by the Independent Service Auditor’s Report on a SOC 2 Examination' => 'votherinformationprovidedbyadobeincorporatedthatisnotcoveredbytheindependentserviceauditorsreportonasoc2examination'

Topic: Management_Assertion
  Priority Keywords (normalized):
    'assertion' => 'assertion'
    'management assertion' => 'managementassertion'
    'assertion of management' => 'assertionofmanagement'
    'assertion of [company] management' => 'assertionofcompanymanagement'

Topic: Service_Auditor_Report
  Priority Keywords (normalized):
    'auditor report' => 'auditorreport'
    'auditor's report' => 'auditorsreport'
    'independent auditor' => 'independentauditor'
    'service auditor' => 'serviceauditor'
    'independent service auditor' => 'independentserviceauditor'
    'assurance report' => 'assurancereport'

Topic: Description_of_System
  Priority Keywords (normalized):
    'description' => 'description'
    'system description' => 'systemdescription'
    'description of system' => 'descriptionofsystem'
    '[company] description of system' => 'companydescriptionofsystem'

Topic: Control_Descriptions
  Priority Keywords (normalized):

